[secure.sc-deals.com/112bf639-da74-4f63-84e3-8cd039c42b33175a.html]
[stackpath.bootstrapcdn.com/bootstrap/4.5.0/css/bootstrap.min.css]
[cdnjs.cloudflare.com/ajax/libs/font-awesome/5.12.1/css/all.min.css]
[backblue.gif]
[fade.gif]
[index.html]
[cdnjs.cloudflare.com/ajax/libs/animate.css/3.7.2/animate.css]
[polyfill.io/v3/polyfillbb55.js]
[cdnjs.cloudflare.com/ajax/libs/jquery/3.5.1/jquery.min.js]
[cdn.jsdelivr.net/npm/popper.js@1.16.0/dist/umd/popper.min.js]
[stackpath.bootstrapcdn.com/bootstrap/4.5.0/js/bootstrap.min.js]
[assets.funnelkonnekt.com/Template/assets/styles/af5b82d4-e690-4793-96f8-8ec9096c3643/af5b82d4-e690-4793-96f8-8ec9096c3643/bootstrap.min.css]
[s3.amazonaws.com/config.funnelkonnekt.com/production/paypal-checkout-2.png]
[secure.sc-deals.com/112bf639-da74-4f63-84e3-8cd039c42b33175a.html]
[stackpath.bootstrapcdn.com/bootstrap/4.5.0/css/bootstrap.min.css]
[cdnjs.cloudflare.com/ajax/libs/font-awesome/5.12.1/css/all.min.css]
[cdnjs.cloudflare.com/ajax/libs/animate.css/3.7.2/animate.css]
[assets.funnelkonnekt.com/Template/assets/styles/af5b82d4-e690-4793-96f8-8ec9096c3643/af5b82d4-e690-4793-96f8-8ec9096c3643/bootstrap.min.css]
[secure.sc-deals.com/index.html]
[connect.facebook.net/en_US/fbevents.js]
[assets.funnelkonnekt.com/b5a81eb0-5ebc-11ed-a911-c9c16a6dbd8e/1672429526194_cards.png]
[cdn1.iconfinder.com/data/icons/customer-relationship-management-2/48/4381925.png]
[secure.sc-deals.com/index.html]
[secure.sc-deals.com/a.d.delayed]
[secure.sc-deals.com/POST]
[secure.sc-deals.com/b.resolvedLink]
[secure.sc-deals.com/signals/iwl.js]
[connect.facebook.net/en_US/fbevents.js]
[secure.sc-deals.com/a.html]
[secure.sc-deals.com/POST.html]
[secure.sc-deals.com/schema.org/index.html]
[secure.sc-deals.com/schema.org/index.html]
[secure.sc-deals.com/b.html]
[secure.sc-deals.com/signals/iwl.html]
